namespace(Su, "苏语言")

class(Example, "示例类")

    function(Main, "主函数")
        define(id:int, "标识符")
        set(id, call(Add).parameter(1).parameter(2))
        define(cls:MyClass, "自定义对象1")
        set(
            cls, 
            call(MyClass.instance).parameter(id).parameter("My Name")
        )
        call(System.Console.WriteLine).parameter(join(cls.GetName(), ":", id))
        if(large(id,0), call(), call())

    function(Add:int, "计算算术和").private()
        parameter(a:int, "加数")
        parameter(b:int, "被加数")
        define(c:int, "算术和")
        set(c, add(a, b))
        return(c)

class(MyClass, "自定义对象")

    define(_id:int, "标识符").private()
    define(_name:string, "名称").private()

    function().public()
        parameter(a:int, "标识符")
        parameter(name:string, "名称")
        set(_id, id)
        set(_name, name)
    
    function(GetName:string, "获取名称").public()
        return(_name)

    function(SetName, "设置名称").public()
        parameter(name:string, "名称")
        set(_name, name)